// Jest Snapshot v1, https://goo.gl/fbAQLP

exports[`should render addexpense page correctly 1`] = `
<div>
  <AddExpensesFunctional
    onSubmit={[MockFunction]}
  />
</div>
`;
