// Jest Snapshot v1, https://goo.gl/fbAQLP

exports[`should render expense list with empty array 1`] = `
<div>
  <h1>
    Expense List!
  </h1>
  <p>
     No Expense Exist 
  </p>
</div>
`;

exports[`should render expense list with expense array 1`] = `
<div>
  <h1>
    Expense List!
  </h1>
  <ExpenseListItem
    amount={195}
    createdAt={0}
    description="gum"
    id="1"
    key="1"
    note=""
  />
  <ExpenseListItem
    amount={600}
    createdAt={-345600000}
    description="Rent"
    id="2"
    key="2"
    note=""
  />
  <ExpenseListItem
    amount={300}
    createdAt={345600000}
    description="credit"
    id="3"
    key="3"
    note=""
  />
</div>
`;
